LTspice 24.1.7 for Windows
Circuit: C:\Users\ruhiy\projects\photodetector\Photodetector_v2_4_BROADBAND.net
Start Time: Tue Jan 13 13:26:05 2026
solver = Normal
Maximum thread count: 22
tnom = 27
temp = 27
method = trap
Early termination of direct N-R iteration.
Direct Newton iteration failed to find .op point.  (Use ".option noopiter" to skip.)
Starting Gmin stepping
Gmin = 10
Gmin = 1.07374
Gmin = 0.115292
vernier = 0.5
vernier = 0.25
vernier = 0.125
vernier = 0.0625
Gmin = 0.0655884
vernier = 0.03125
vernier = 0.015625
vernier = 0.0078125
vernier = 0.00390625
vernier = 0.00195312
vernier = 0.000976562
vernier = 0.000488281
Gmin = 0.0645794
Gmin = 0
Gmin stepping failed

Starting source stepping with srcstepmethod=0
Source Step = 3.0303%
Source Step = 25.7576%
Source Step = 33.3333%
Source Step = 35.6061%
Source Step = 37.5%
Source Step = 39.3939%
Source Step = 41.2879%
Source Step = 43.1818%
vernier = 0.09375
Source Step = 45.7386%
Source Step = 48.5795%
Source Step = 51.4205%
Source Step = 54.2614%
Source Step = 57.1023%
vernier = 0.140625
Source Step = 60.7955%
Source Step = 65.0568%
Source Step = 69.3182%
Source Step = 73.5795%
Source Step = 77.8409%
vernier = 0.210938
Source Step = 83.1676%
Source Step = 89.5597%
Source Step = 95.9517%
Source stepping succeeded in finding the operating point.

Total elapsed time: 1.207 seconds.

Files loaded:
C:\Users\ruhiy\projects\photodetector\Photodetector_v2_4_BROADBAND.net
C:\Users\ruhiy\AppData\Local\LTspice\lib\sub\ADI.lib
C:\Users\ruhiy\Downloads\BZX84C3V3.spice.txt
C:\Users\ruhiy\projects\photodetector\regulators.lib.txt
C:\Users\ruhiy\projects\photodetector\snom130\LMH6624\LMH6624.MOD

