LTspice 24.1.7 for Windows
Circuit: C:\Users\ruhiy\projects\photodetector\Photodetector_v2_3.net
Start Time: Thu Jun 26 10:40:13 2025
solver = Normal
Maximum thread count: 22
tnom = 27
temp = 27
method = trap
Early termination of direct N-R iteration.
Direct Newton iteration failed to find .op point.  (Use ".option noopiter" to skip.)
Starting Gmin stepping
Gmin = 10
Gmin = 1.07374
Gmin = 0.115292
Gmin = 0.0123794
Gmin = 0.00132923
Gmin = 0.000142725
vernier = 0.5
vernier = 0.25
Gmin = 4.14278e-05
vernier = 0.333333
vernier = 0.166667
vernier = 0.0833333
vernier = 0.0416667
vernier = 0.0208333
Gmin = 3.18818e-05
vernier = 0.0104167
vernier = 0.00520833
vernier = 0.00260417
vernier = 0.00130208
vernier = 0.000651042
vernier = 0.000488281
Gmin = 3.18662e-05
vernier = 0.000651041
vernier = 0.000868055
Gmin = 3.18105e-05
vernier = 0.00115741
vernier = 0.00154321
Gmin = 3.17224e-05
vernier = 0.00205761
Gmin = 3.158e-05
vernier = 0.00274348
vernier = 0.00365797
Gmin = 3.13481e-05
vernier = 0.00487729
vernier = 0.00650306
Gmin = 3.09841e-05
vernier = 0.00867074
Gmin = 3.04026e-05
vernier = 0.011561
vernier = 0.0154146
Gmin = 2.94739e-05
vernier = 0.00770732
vernier = 0.00385366
vernier = 0.00192683
vernier = 0.000963415
vernier = 0.000481708
Gmin = 0
Gmin stepping failed

Starting source stepping with srcstepmethod=0
Source Step = 3.0303%
Source Step = 28.0303%
Source Step = 35.6061%
Source Step = 43.1818%
Source Step = 50.7576%
Source Step = 58.3333%
Source Step = 65.9091%
vernier = 0.375
Source Step = 77.2727%
Source Step = 88.6364%
Source Step = 100%
Source stepping succeeded in finding the operating point.

Total elapsed time: 2.028 seconds.

Files loaded:
C:\Users\ruhiy\projects\photodetector\Photodetector_v2_3.net
C:\Users\ruhiy\AppData\Local\LTspice\lib\sub\ADI.lib
C:\Users\ruhiy\Downloads\BZX84C3V3.spice.txt
C:\Users\ruhiy\projects\photodetector\regulators.lib.txt
C:\Users\ruhiy\projects\photodetector\snom130\LMH6624\LMH6624.MOD

