LTspice 24.1.7 for Windows
Circuit: C:\Users\ruhiy\projects\photodetector\Photodetector_v2_2.net
Start Time: Thu Jun 26 10:40:08 2025
solver = Normal
Maximum thread count: 22
tnom = 27
temp = 27
method = trap
Early termination of direct N-R iteration.
Direct Newton iteration failed to find .op point.  (Use ".option noopiter" to skip.)
Starting Gmin stepping
Gmin = 10
Gmin = 1.07374
Gmin = 0.115292
Gmin = 0.0123794
Gmin = 0.00132923
Gmin = 0.000142725
vernier = 0.5
vernier = 0.25
vernier = 0.125
vernier = 0.0625
Gmin = 4.67681e-05
vernier = 0.03125
vernier = 0.015625
vernier = 0.0078125
vernier = 0.00390625
vernier = 0.00195312
vernier = 0.000976562
vernier = 0.000488281
Gmin = 0
Gmin stepping failed

Starting source stepping with srcstepmethod=0
Source Step = 3.0303%
Source Step = 33.3333%
Source Step = 63.6364%
Source Step = 93.9394%
Source stepping succeeded in finding the operating point.

Total elapsed time: 0.880 seconds.

Files loaded:
C:\Users\ruhiy\projects\photodetector\Photodetector_v2_2.net
C:\Users\ruhiy\AppData\Local\LTspice\lib\sub\ADI.lib
C:\Users\ruhiy\Downloads\BZX84C3V3.spice.txt
C:\Users\ruhiy\projects\photodetector\regulators.lib.txt
C:\Users\ruhiy\projects\photodetector\snom130\LMH6624\LMH6624.MOD

