LTspice 24.1.7 for Windows
Circuit: C:\Users\ruhiy\projects\photodetector\Photodetector_v2.net
Start Time: Thu Jun 26 10:59:26 2025
solver = Normal
Maximum thread count: 22
tnom = 27
temp = 27
method = trap
Direct Newton iteration failed to find .op point.  (Use ".option noopiter" to skip.)
Starting Gmin stepping
Gmin = 10
Gmin = 1.07374
Gmin = 0.115292
Gmin = 0.0123794
Gmin = 0.00132923
Gmin = 0.000142725
vernier = 0.5
Gmin = 4.05515e-05
vernier = 0.666667
vernier = 0.888888
Gmin = 7.20652e-06
vernier = 1
Gmin = 8.09366e-07
Gmin = 8.6905e-08
Gmin = 9.33136e-09
Gmin = 1.00195e-09
Gmin = 1.07583e-10
Gmin = 1.15517e-11
Gmin = 1.24035e-12
Gmin = 1.33182e-13
Gmin = 0
Gmin stepping succeeded in finding the operating point.

Total elapsed time: 0.744 seconds.

Files loaded:
C:\Users\ruhiy\projects\photodetector\Photodetector_v2.net
C:\Users\ruhiy\AppData\Local\LTspice\lib\sub\ADI.lib
C:\Users\ruhiy\Downloads\BZX84C3V3.spice.txt
C:\Users\ruhiy\projects\photodetector\regulators.lib.txt
C:\Users\ruhiy\projects\photodetector\snom130\LMH6624\LMH6624.MOD

