LTspice 24.1.7 for Windows
Circuit: C:\Users\ruhiy\projects\photodetector\Photodetector_v2_3_HI.net
Start Time: Tue Jan 13 00:00:07 2026
solver = Normal
Maximum thread count: 22
tnom = 27
temp = 27
method = trap
Early termination of direct N-R iteration.
Direct Newton iteration failed to find .op point.  (Use ".option noopiter" to skip.)
Starting Gmin stepping
Gmin = 10
vernier = 0.5
Gmin = 1.86414
vernier = 0.25
vernier = 0.125
vernier = 0.0625
vernier = 0.03125
Gmin = 1.89914
vernier = 0.015625
vernier = 0.0078125
vernier = 0.00390625
vernier = 0.00195312
Gmin = 1.88991
vernier = 0.000976562
vernier = 0.000488281
Gmin = 0
Gmin stepping failed

Starting source stepping with srcstepmethod=0
Source Step = 3.0303%
Source Step = 28.0303%
Source Step = 35.6061%
Source Step = 43.1818%
Source Step = 50.7576%
Source Step = 58.3333%
Source Step = 65.9091%
vernier = 0.375
Source Step = 77.2727%
Source Step = 88.6364%
Source Step = 100%
Source stepping succeeded in finding the operating point.

Total elapsed time: 1.018 seconds.

Files loaded:
C:\Users\ruhiy\projects\photodetector\Photodetector_v2_3_HI.net
C:\Users\ruhiy\AppData\Local\LTspice\lib\sub\ADI.lib
C:\Users\ruhiy\Downloads\BZX84C3V3.spice.txt
C:\Users\ruhiy\projects\photodetector\regulators.lib.txt
C:\Users\ruhiy\projects\photodetector\snom130\LMH6624\LMH6624.MOD

