LTspice 24.1.7 for Windows
Circuit: C:\Users\ruhiy\projects\photodetector\New_deprecated\Simulation Files\ideal.net
Start Time: Mon May 12 17:59:15 2025
solver = Normal
Maximum thread count: 22
tnom = 27
temp = 27
method = trap
Direct Newton iteration failed to find .op point.  (Use ".option noopiter" to skip.)
Starting Gmin stepping
Gmin = 10
Gmin = 1.07374
Gmin = 0.115292
Gmin = 0.0123794
Gmin = 0.00132923
Gmin = 0.000142725
Gmin = 1.5325e-05
Gmin = 1.6455e-06
Gmin = 1.76685e-07
Gmin = 1.89714e-08
Gmin = 2.03704e-09
Gmin = 2.18725e-10
Gmin = 2.34854e-11
Gmin = 2.52173e-12
Gmin = 2.70769e-13
Gmin = 0
Gmin stepping succeeded in finding the operating point.

Total elapsed time: 4.438 seconds.

Files loaded:
C:\Users\ruhiy\projects\photodetector\New_deprecated\Simulation Files\ideal.net
C:\Users\ruhiy\AppData\Local\LTspice\lib\sub\ADI.lib

